=== d4-a4r scratch 30 epochs ===
Job ID: 1142520
Node: ivb06.ivb.ccad.unc.edu.ar | GPU: 0
Start: Tue Feb 17 21:42:43 -03 2026
Copiando MAESTRO a scratch (~120GB, esto tarda ~22 min)...
MAESTRO copiado. Tue Feb 17 22:06:19 -03 2026
Iniciando training: d4-a4r scratch 30ep
=== Training finalizado ===
Exit code: 0
End: Wed Feb 18 10:15:46 -03 2026
final_results.json encontrado. Extrayendo S metric:
  Best S: N/A

Job Metrics:
Job ID: 1142520
Cluster: ivb
User/Group: mfmendez/mfmendez
State: COMPLETED (exit code 0)
Nodes: 1
Cores per node: 10
CPU Utilized: 00:03:50
CPU Efficiency: 0.05% of 5-05:33:10 core-walltime
Job Wall-clock time: 12:33:19
Memory Utilized: 59.89 GB
Memory Efficiency: 187.17% of 32.00 GB (32.00 GB/node)
