=== Gate 4.3 Fase 5: a9 ===
Job ID: 1142230 | Array Task: 3
Node: ivb05.ivb.ccad.unc.edu.ar | GPU: 0
Start: Mon Feb 16 05:12:34 -03 2026
Copiando foundation a scratch...
Foundation copiado.
Copiando MAESTRO a scratch (~120GB, esto tarda ~10-15 min)...
MAESTRO copiado. Mon Feb 16 05:46:44 -03 2026
Iniciando training: a9
=== Training finalizado: a9 ===
Exit code: 0
End: Mon Feb 16 10:38:32 -03 2026
final_results.json encontrado. Extrayendo S metric:

Job Metrics:
Job ID: 1142230
Array Job ID: 1142230_3
Cluster: ivb
User/Group: mfmendez/mfmendez
State: FAILED (exit code 1)
Nodes: 1
Cores per node: 10
CPU Utilized: 00:03:20
CPU Efficiency: 0.10% of 2-06:22:40 core-walltime
Job Wall-clock time: 05:26:16
Memory Utilized: 57.03 GB
Memory Efficiency: 178.22% of 32.00 GB (32.00 GB/node)
