=== Gate 4.3 Fase 5: a8 ===
Job ID: 1142233 | Array Task: 2
Node: ivb19.ivb.ccad.unc.edu.ar | GPU: 0
Start: Mon Feb 16 04:26:06 -03 2026
Copiando foundation a scratch...
Foundation copiado.
Copiando MAESTRO a scratch (~120GB, esto tarda ~10-15 min)...
MAESTRO copiado. Mon Feb 16 04:57:12 -03 2026
Iniciando training: a8
=== Training finalizado: a8 ===
Exit code: 0
End: Mon Feb 16 09:52:17 -03 2026
final_results.json encontrado. Extrayendo S metric:

Job Metrics:
Job ID: 1142233
Array Job ID: 1142230_2
Cluster: ivb
User/Group: mfmendez/mfmendez
State: FAILED (exit code 1)
Nodes: 1
Cores per node: 10
CPU Utilized: 00:05:30
CPU Efficiency: 0.17% of 2-06:24:40 core-walltime
Job Wall-clock time: 05:26:28
Memory Utilized: 59.67 GB
Memory Efficiency: 186.46% of 32.00 GB (32.00 GB/node)
