=== Gate 4.3 Fase 5: a4r ===
Job ID: 1142231 | Array Task: 0
Node: ivb09.ivb.ccad.unc.edu.ar | GPU: 0
Start: Mon Feb 16 03:49:20 -03 2026
Copiando foundation a scratch...
Foundation copiado.
Copiando MAESTRO a scratch (~120GB, esto tarda ~10-15 min)...
MAESTRO copiado. Mon Feb 16 04:13:18 -03 2026
Iniciando training: a4r
=== Training finalizado: a4r ===
Exit code: 0
End: Mon Feb 16 06:54:34 -03 2026
final_results.json encontrado. Extrayendo S metric:

Job Metrics:
Job ID: 1142231
Array Job ID: 1142230_0
Cluster: ivb
User/Group: mfmendez/mfmendez
State: FAILED (exit code 1)
Nodes: 1
Cores per node: 10
CPU Utilized: 00:03:01
CPU Efficiency: 0.16% of 1-06:54:10 core-walltime
Job Wall-clock time: 03:05:25
Memory Utilized: 60.17 GB
Memory Efficiency: 188.03% of 32.00 GB (32.00 GB/node)
