=== Gate 4.4 Screening: moe-a4 ===
Job ID: 1142496 | Array Task: 6
Node: ivb02.ivb.ccad.unc.edu.ar | GPU: 0
Start: Tue Feb 17 12:24:27 -03 2026
Copiando foundation a scratch...
Foundation copiado.
Copiando MAESTRO a scratch (~120GB, esto tarda ~22 min)...
MAESTRO copiado. Tue Feb 17 12:36:16 -03 2026
Iniciando training: moe-a4
=== Training finalizado: moe-a4 ===
Exit code: 0
End: Tue Feb 17 17:16:21 -03 2026
final_results.json encontrado. Extrayendo S metric:

Job Metrics:
Job ID: 1142496
Array Job ID: 1142475_6
Cluster: ivb
User/Group: mfmendez/mfmendez
State: FAILED (exit code 1)
Nodes: 1
Cores per node: 10
CPU Utilized: 00:03:25
CPU Efficiency: 0.12% of 2-00:42:30 core-walltime
Job Wall-clock time: 04:52:15
Memory Utilized: 31.47 GB
Memory Efficiency: 98.36% of 32.00 GB (32.00 GB/node)
