=== Gate 4.4 Screening: t3-wt ===
Job ID: 1142504 | Array Task: 2
Node: ivb05.ivb.ccad.unc.edu.ar | GPU: 0
Start: Tue Feb 17 15:44:35 -03 2026
Copiando foundation a scratch...
Foundation copiado.
Copiando MAESTRO a scratch (~120GB, esto tarda ~22 min)...
MAESTRO copiado. Tue Feb 17 16:09:58 -03 2026
Iniciando training: t3-wt
=== Training finalizado: t3-wt ===
Exit code: 0
End: Tue Feb 17 20:33:55 -03 2026
final_results.json encontrado. Extrayendo S metric:

Job Metrics:
Job ID: 1142504
Array Job ID: 1142502_2
Cluster: ivb
User/Group: mfmendez/mfmendez
State: FAILED (exit code 1)
Nodes: 1
Cores per node: 10
CPU Utilized: 00:07:19
CPU Efficiency: 0.25% of 2-00:16:00 core-walltime
Job Wall-clock time: 04:49:36
Memory Utilized: 57.86 GB
Memory Efficiency: 180.81% of 32.00 GB (32.00 GB/node)
