=== Gate 4.4 Screening: t3-anc ===
Job ID: 1142503 | Array Task: 1
Node: ivb04.ivb.ccad.unc.edu.ar | GPU: 0
Start: Tue Feb 17 15:27:08 -03 2026
Copiando foundation a scratch...
Foundation copiado.
Copiando MAESTRO a scratch (~120GB, esto tarda ~22 min)...
MAESTRO copiado. Tue Feb 17 15:50:56 -03 2026
Iniciando training: t3-anc
=== Training finalizado: t3-anc ===
Exit code: 0
End: Tue Feb 17 20:08:18 -03 2026
final_results.json encontrado. Extrayendo S metric:

Job Metrics:
Job ID: 1142503
Array Job ID: 1142502_1
Cluster: ivb
User/Group: mfmendez/mfmendez
State: FAILED (exit code 1)
Nodes: 1
Cores per node: 10
CPU Utilized: 00:02:29
CPU Efficiency: 0.09% of 1-22:55:10 core-walltime
Job Wall-clock time: 04:41:31
Memory Utilized: 60.42 GB
Memory Efficiency: 188.82% of 32.00 GB (32.00 GB/node)
