=== Gate 4.4 Screening: t3-tri ===
Job ID: 1142476 | Array Task: 0
Node: ivb07.ivb.ccad.unc.edu.ar | GPU: 0
Start: Tue Feb 17 11:29:22 -03 2026
Copiando foundation a scratch...
Foundation copiado.
Copiando MAESTRO a scratch (~120GB, esto tarda ~22 min)...
MAESTRO copiado. Tue Feb 17 11:46:38 -03 2026
Iniciando training: t3-tri
=== Training finalizado: t3-tri ===
Exit code: 0
End: Tue Feb 17 16:04:34 -03 2026
final_results.json encontrado. Extrayendo S metric:

Job Metrics:
Job ID: 1142476
Array Job ID: 1142475_0
Cluster: ivb
User/Group: mfmendez/mfmendez
State: FAILED (exit code 1)
Nodes: 1
Cores per node: 10
CPU Utilized: 00:02:45
CPU Efficiency: 0.10% of 1-21:55:30 core-walltime
Job Wall-clock time: 04:35:33
Memory Utilized: 60.53 GB
Memory Efficiency: 189.16% of 32.00 GB (32.00 GB/node)
