=== Gate 5B Multi-Seed: descriptor=d0, seed=42 ===
SLURM_ARRAY_TASK_ID=0
Job ID: 1143418 | Node: ivb12.ivb.ccad.unc.edu.ar | GPU: 0
Start: Fri Feb 27 08:02:35 -03 2026
Copiando MAESTRO a scratch (~120GB, esto tarda ~22 min)...
MAESTRO copiado. Fri Feb 27 08:25:39 -03 2026
Iniciando training: d0 seed=42 30ep from scratch
=== Training finalizado ===
Exit code: 0
End: Sat Feb 28 08:52:39 -03 2026
final_results.json encontrado. Extrayendo S metric:

Job Metrics:
Job ID: 1143418
Array Job ID: 1143414_0
Cluster: ivb
User/Group: mfmendez/mfmendez
State: FAILED (exit code 1)
Nodes: 1
Cores per node: 10
CPU Utilized: 00:02:53
CPU Efficiency: 0.02% of 10-08:24:10 core-walltime
Job Wall-clock time: 1-00:50:25
Memory Utilized: 55.28 GB
Memory Efficiency: 172.75% of 32.00 GB (32.00 GB/node)
