=== Gate 5B Multi-Seed: descriptor=a4r, seed=42 ===
SLURM_ARRAY_TASK_ID=1
Job ID: 1143637 | Node: ivb11.ivb.ccad.unc.edu.ar | GPU: 0
Start: Thu Feb 26 02:02:39 -03 2026
Copiando MAESTRO a scratch (~120GB, esto tarda ~22 min)...
MAESTRO copiado. Thu Feb 26 02:26:14 -03 2026
Iniciando training: a4r seed=42 30ep from scratch
=== Training finalizado ===
Exit code: 0
End: Thu Feb 26 14:24:52 -03 2026
final_results.json encontrado. Extrayendo S metric:

Job Metrics:
Job ID: 1143637
Array Job ID: 1143414_1
Cluster: ivb
User/Group: mfmendez/mfmendez
State: FAILED (exit code 1)
Nodes: 1
Cores per node: 10
CPU Utilized: 00:03:01
CPU Efficiency: 0.04% of 5-03:45:10 core-walltime
Job Wall-clock time: 12:22:31
Memory Utilized: 58.33 GB
Memory Efficiency: 182.27% of 32.00 GB (32.00 GB/node)
