=== Gate 5B Multi-Seed: descriptor=d0, seed=123 ===
SLURM_ARRAY_TASK_ID=3
Job ID: 1143419 | Node: ivb10.ivb.ccad.unc.edu.ar | GPU: 0
Start: Fri Feb 27 09:00:01 -03 2026
Copiando MAESTRO a scratch (~120GB, esto tarda ~22 min)...
MAESTRO copiado. Fri Feb 27 09:40:23 -03 2026
Iniciando training: d0 seed=123 30ep from scratch
=== Training finalizado ===
Exit code: 0
End: Sat Feb 28 09:40:06 -03 2026
final_results.json encontrado. Extrayendo S metric:

Job Metrics:
Job ID: 1143419
Array Job ID: 1143414_3
Cluster: ivb
User/Group: mfmendez/mfmendez
State: FAILED (exit code 1)
Nodes: 1
Cores per node: 10
CPU Utilized: 00:03:06
CPU Efficiency: 0.02% of 10-06:44:10 core-walltime
Job Wall-clock time: 1-00:40:25
Memory Utilized: 60.46 GB
Memory Efficiency: 188.94% of 32.00 GB (32.00 GB/node)
