=== Gate 5B Multi-Seed: descriptor=a4r, seed=123 ===
SLURM_ARRAY_TASK_ID=4
Job ID: 1143640 | Node: ivb16.ivb.ccad.unc.edu.ar | GPU: 0
Start: Thu Feb 26 03:29:51 -03 2026
Copiando MAESTRO a scratch (~120GB, esto tarda ~22 min)...
MAESTRO copiado. Thu Feb 26 08:41:46 -03 2026
Iniciando training: a4r seed=123 30ep from scratch
=== Training finalizado ===
Exit code: 0
End: Thu Feb 26 22:03:41 -03 2026
final_results.json encontrado. Extrayendo S metric:

Job Metrics:
Job ID: 1143640
Array Job ID: 1143414_4
Cluster: ivb
User/Group: mfmendez/mfmendez
State: FAILED (exit code 1)
Nodes: 1
Cores per node: 10
CPU Utilized: 00:04:01
CPU Efficiency: 0.04% of 7-17:41:30 core-walltime
Job Wall-clock time: 18:34:09
Memory Utilized: 60.54 GB
Memory Efficiency: 189.20% of 32.00 GB (32.00 GB/node)
