=== Gate 5B Multi-Seed: descriptor=a4r, seed=789 ===
SLURM_ARRAY_TASK_ID=10
Job ID: 1143692 | Node: ivb19.ivb.ccad.unc.edu.ar | GPU: 0
Start: Thu Feb 26 14:23:50 -03 2026
Copiando MAESTRO a scratch (~120GB, esto tarda ~22 min)...
MAESTRO copiado. Thu Feb 26 15:19:58 -03 2026
Iniciando training: a4r seed=789 30ep from scratch
=== Training finalizado ===
Exit code: 0
End: Fri Feb 27 03:23:21 -03 2026
final_results.json encontrado. Extrayendo S metric:

Job Metrics:
Job ID: 1143692
Array Job ID: 1143414_10
Cluster: ivb
User/Group: mfmendez/mfmendez
State: FAILED (exit code 1)
Nodes: 1
Cores per node: 10
CPU Utilized: 00:04:06
CPU Efficiency: 0.05% of 5-09:57:10 core-walltime
Job Wall-clock time: 12:59:43
Memory Utilized: 59.79 GB
Memory Efficiency: 186.83% of 32.00 GB (32.00 GB/node)
