=== Gate 5B Multi-Seed: descriptor=a4r, seed=456 ===
SLURM_ARRAY_TASK_ID=7
Job ID: 1143690 | Node: ivb15.ivb.ccad.unc.edu.ar | GPU: 0
Start: Thu Feb 26 14:18:55 -03 2026
Copiando MAESTRO a scratch (~120GB, esto tarda ~22 min)...
MAESTRO copiado. Thu Feb 26 14:49:48 -03 2026
Iniciando training: a4r seed=456 30ep from scratch
=== Training finalizado ===
Exit code: 0
End: Fri Feb 27 02:53:13 -03 2026
final_results.json encontrado. Extrayendo S metric:

Job Metrics:
Job ID: 1143690
Array Job ID: 1143414_7
Cluster: ivb
User/Group: mfmendez/mfmendez
State: FAILED (exit code 1)
Nodes: 1
Cores per node: 10
CPU Utilized: 00:03:28
CPU Efficiency: 0.05% of 5-05:46:00 core-walltime
Job Wall-clock time: 12:34:36
Memory Utilized: 59.95 GB
Memory Efficiency: 187.33% of 32.00 GB (32.00 GB/node)
