=== Gate 5B Multi-Seed: descriptor=d4-a4r, seed=789 ===
SLURM_ARRAY_TASK_ID=11
Job ID: 1143695 | Node: ivb11.ivb.ccad.unc.edu.ar | GPU: 0
Start: Thu Feb 26 14:31:56 -03 2026
Copiando MAESTRO a scratch (~120GB, esto tarda ~22 min)...
MAESTRO copiado. Thu Feb 26 15:02:45 -03 2026
Iniciando training: d4-a4r seed=789 30ep from scratch
=== Training finalizado ===
Exit code: 0
End: Fri Feb 27 03:04:04 -03 2026
final_results.json encontrado. Extrayendo S metric:

Job Metrics:
Job ID: 1143695
Array Job ID: 1143414_11
Cluster: ivb
User/Group: mfmendez/mfmendez
State: FAILED (exit code 1)
Nodes: 1
Cores per node: 10
CPU Utilized: 00:03:05
CPU Efficiency: 0.04% of 5-05:24:10 core-walltime
Job Wall-clock time: 12:32:25
Memory Utilized: 60.20 GB
Memory Efficiency: 188.13% of 32.00 GB (32.00 GB/node)
