=== Gate 5B Test 13G Phase B: Post-Hoc Decoder ===
Descriptor: d0 (array task 2)
Pool flags: --pool-to 188
Job ID: 1144064_2
Node: ivb16.ivb.ccad.unc.edu.ar | GPU: 0
Start: Sun Mar  1 20:28:27 -03 2026
Copying MAESTRO to scratch (~120GB, ~22 min)...
MAESTRO copied. Sun Mar  1 22:03:52 -03 2026
Checkpoint OK: models/gate5b/D0/best_model.pt
PR targets OK.
Starting training: descriptor=d0, 40 epochs, eval_every=5, patience=4
Training exit code: 0
Running generation phase...
Generation exit code: 0
=== Done ===
End: Mon Mar  2 02:31:39 -03 2026

Job Metrics:
Job ID: 1144064
Array Job ID: 1144064_2
Cluster: ivb
User/Group: mfmendez/mfmendez
State: COMPLETED (exit code 0)
Nodes: 1
Cores per node: 10
CPU Utilized: 00:02:04
CPU Efficiency: 0.06% of 2-12:34:20 core-walltime
Job Wall-clock time: 06:03:26
Memory Utilized: 60.57 GB
Memory Efficiency: 189.27% of 32.00 GB (32.00 GB/node)
