=== Gate 5B Multi-Seed: descriptor=d4-a4r, seed=456 ===
SLURM_ARRAY_TASK_ID=8
Job ID: 1143691 | Node: ivb07.ivb.ccad.unc.edu.ar | GPU: 0
Start: Thu Feb 26 14:20:22 -03 2026
Copiando MAESTRO a scratch (~120GB, esto tarda ~22 min)...
MAESTRO copiado. Thu Feb 26 14:51:31 -03 2026
Iniciando training: d4-a4r seed=456 30ep from scratch
=== Training finalizado ===
Exit code: 0
End: Fri Feb 27 02:52:43 -03 2026
final_results.json encontrado. Extrayendo S metric:

Job Metrics:
Job ID: 1143691
Array Job ID: 1143414_8
Cluster: ivb
User/Group: mfmendez/mfmendez
State: FAILED (exit code 1)
Nodes: 1
Cores per node: 10
CPU Utilized: 00:03:08
CPU Efficiency: 0.04% of 5-05:26:00 core-walltime
Job Wall-clock time: 12:32:36
Memory Utilized: 60.25 GB
Memory Efficiency: 188.27% of 32.00 GB (32.00 GB/node)
