=== Gate 5B Multi-Seed: descriptor=d0, seed=789 ===
SLURM_ARRAY_TASK_ID=9
Job ID: 1143421 | Node: ivb14.ivb.ccad.unc.edu.ar | GPU: 0
Start: Fri Feb 27 15:21:16 -03 2026
Copiando MAESTRO a scratch (~120GB, esto tarda ~22 min)...
MAESTRO copiado. Fri Feb 27 16:04:20 -03 2026
Iniciando training: d0 seed=789 30ep from scratch
=== Training finalizado ===
Exit code: 0
End: Sat Feb 28 16:05:15 -03 2026
final_results.json encontrado. Extrayendo S metric:

Job Metrics:
Job ID: 1143421
Array Job ID: 1143414_9
Cluster: ivb
User/Group: mfmendez/mfmendez
State: FAILED (exit code 1)
Nodes: 1
Cores per node: 10
CPU Utilized: 00:02:58
CPU Efficiency: 0.02% of 10-07:22:40 core-walltime
Job Wall-clock time: 1-00:44:16
Memory Utilized: 60.65 GB
Memory Efficiency: 189.53% of 32.00 GB (32.00 GB/node)
