=== Gate 5B Test 02: Parameter-Matched Ablation ===
Mode: shuffled (array task 2)
Job ID: 1143844_2
Node: ivb09.ivb.ccad.unc.edu.ar | GPU: 0
Start: Sat Feb 28 15:51:58 -03 2026
Attempt: 1 / 3
Copying MAESTRO to scratch (~120GB, ~22 min)...
MAESTRO copied. Sat Feb 28 16:27:05 -03 2026
Starting training: mode=shuffled, 30 epochs, batch=16, 1000 bat/ep
Structured eval epochs: 5 10 15 20 25 28 29 30

Job Metrics:
Job ID: 1143905
Array Job ID: 1143844_2
Cluster: ivb
User/Group: mfmendez/mfmendez
State: FAILED (exit code 1)
Nodes: 1
Cores per node: 10
CPU Utilized: 00:03:27
CPU Efficiency: 0.85% of 06:46:50 core-walltime
Job Wall-clock time: 00:40:41
Memory Utilized: 59.96 GB
Memory Efficiency: 187.36% of 32.00 GB (32.00 GB/node)
