=== Gate 8 Conditioned Projections ===
  Date: Mon Mar  9 20:56:08 -03 2026
  Node: ivb12.ivb.ccad.unc.edu.ar
  GPU: NVIDIA A30
  Arm: a4r-pca (task 2 of 3)
  Output: /home/mfmendez/Repos/Phideus/results_unc/gate8_conditioned_projections/a4r-pca_seed42

Staging MAESTRO to scratch...
Staging complete in 1350 seconds.

Starting training: a4r-pca

=== COMPLETED ===
  Arm: a4r-pca
  Exit code: 0
  Training time: 907 min
  GPU VRAM: 0 MiB, 24576 MiB

Job Metrics:
Job ID: 1144707
Array Job ID: 1144707_2
Cluster: ivb
User/Group: mfmendez/mfmendez
State: COMPLETED (exit code 0)
Nodes: 1
Cores per node: 10
CPU Utilized: 00:03:23
CPU Efficiency: 0.04% of 6-11:12:30 core-walltime
Job Wall-clock time: 15:31:15
Memory Utilized: 60.34 GB
Memory Efficiency: 125.70% of 48.00 GB (48.00 GB/node)
