=== Gate 5B Test 02: Parameter-Matched Ablation ===
Mode: shuffled (array task 2)
Job ID: 1144039_2
Node: ivb08.ivb.ccad.unc.edu.ar | GPU: 0
Start: Sun Mar  1 17:03:56 -03 2026
Attempt: 2 / 3
Copying MAESTRO to scratch (~120GB, ~22 min)...
MAESTRO copied. Sun Mar  1 17:31:56 -03 2026
Starting training: mode=shuffled, 30 epochs, batch=16, 1000 bat/ep
Structured eval epochs: 5 10 15 20 25 28 29 30
=== Training finished ===
Exit code: 0
End: Mon Mar  2 18:34:52 -03 2026
final_results.json found. Extracting S metric:
  Best S: 0.736 (epoch 20)
  Mode: shuffled
  Call counts: {'a4': 62149, 'd4': 62149}

Job Metrics:
Job ID: 1144039
Array Job ID: 1144039_2
Cluster: ivb
User/Group: mfmendez/mfmendez
State: COMPLETED (exit code 0)
Nodes: 1
Cores per node: 10
CPU Utilized: 00:03:18
CPU Efficiency: 0.02% of 10-15:13:00 core-walltime
Job Wall-clock time: 1-01:31:18
Memory Utilized: 51.26 GB
Memory Efficiency: 160.20% of 32.00 GB (32.00 GB/node)
