=== Gate 5B Test 11: Pre-Projection A/B ===
Arm: d4-a4r (array task 1)
Job ID: 1144295_1
Node: ivb18.ivb.ccad.unc.edu.ar | GPU: 0
Start: Wed Mar  4 23:24:19 -03 2026
Copying MAESTRO to scratch (~120GB, ~22 min)...
MAESTRO copied. Wed Mar  4 23:43:56 -03 2026
Starting Test 11 Pre-Proj A/B: arm=d4-a4r

================================================================================
PRE-PROJECTION A/B TEST — RESULTS
================================================================================

--- d4-a4r (no baseline for comparison) ---
  preproj_midi2events: z_dim=512 CE=2.9706 tok_acc=0.3066 f1=0.1112 gap=1.1400
  preproj_audio2events: z_dim=1024 CE=3.0731 tok_acc=0.2891 f1=0.0446 gap=0.3052

================================================================================
=== Test 11 finished ===
Exit code: 0
End: Thu Mar  5 09:07:01 -03 2026
WARNING: Output directory not found at /home/mfmendez/Repos/Phideus/data/gate5b_results/test11_preproj/d4-a4r

Job Metrics:
Job ID: 1144295
Array Job ID: 1144295_1
Cluster: ivb
User/Group: mfmendez/mfmendez
State: COMPLETED (exit code 0)
Nodes: 1
Cores per node: 10
CPU Utilized: 00:03:14
CPU Efficiency: 0.06% of 4-01:09:20 core-walltime
Job Wall-clock time: 09:42:56
Memory Utilized: 60.18 GB
Memory Efficiency: 188.07% of 32.00 GB (32.00 GB/node)
