=== PREFLIGHT CHECKS ===
  Date: Sun Mar  8 19:24:44 -03 2026
  Node: ivb10.ivb.ccad.unc.edu.ar
  GPU: NVIDIA A30
  CUDA_VISIBLE_DEVICES: 0
  Total RAM: 62G
  [MEM 19:24:45] RSS=3332kB | free=60G
  MAESTRO_SRC... OK
  Transkun pickles (precomputed)... OK (154M)
  Python scripts... OK
  Python imports... torch=2.5.1+cu121, CUDA=True, transkun=OK
  Transkun pretrained weights... OK (56MB)
=== PREFLIGHT PASSED ===

Staging MAESTRO to scratch...
  [MEM 19:25:28] RSS=3332kB | free=60G
Staging complete in 1524 seconds.
  [MEM 19:50:52] RSS=3332kB | free=0G

=== BENCHMARK: 100 iters, noise@10dB, finetune-degraded ===
  Output: /scratch/1144701/preflight_m8VtrI
  Start: Sun Mar  8 19:50:57 -03 2026
  [MEM 19:50:57] RSS=3332kB | free=0G

Gate 6 Exp B: Degraded Conditions
  Degradation: noise @ 10.0
  Config: finetune-degraded → finetune-noA4

Loading Transkun v2...
  New params: 66.3K

Creating dataloaders...
  Degradation: noise @ 10.0
loading the annotation file...
n: 962  totalDuration:  573277.4422506469  elapsed: 24.424155950546265
creating index for notes in all pieces...
elapsed: 2.5618057250976562
loading the annotation file...
n: 137  totalDuration:  69946.1832027205  elapsed: 1.1322522163391113
creating index for notes in all pieces...
elapsed: 0.29269933700561523
  Trainable params: 66.3K

  Training finetune-degraded for 100 iterations...
  iter     50/100 | loss=66.1735 | F1=0.3076 | best=0.3076@50 | lr=0.000005 | 3.2min
  iter    100/100 | loss=68.9820 | F1=0.3088 | best=0.3088@100 | lr=0.000010 | 6.3min

  DONE: finetune-degraded
  Best F1: 0.3088 @ iter 100
  Time: 6.3 min

===========================================
=== PREFLIGHT BENCHMARK RESULTS ===
===========================================
  MAESTRO staging: 1524s
  100 iterations:  490s
  Per-iteration:   4.90s
  Extrapolation to 50,000 iters: 68.0h
  Suggested --time (1.5x margin): 102.0h
  GPU VRAM: 0 MiB, 24576 MiB
  [MEM 19:59:08] RSS=3332kB | free=6G
===========================================

Job Metrics:
Job ID: 1144701
Cluster: ivb
User/Group: mfmendez/mfmendez
State: COMPLETED (exit code 0)
Nodes: 1
Cores per node: 10
CPU Utilized: 00:04:09
CPU Efficiency: 1.20% of 05:45:40 core-walltime
Job Wall-clock time: 00:34:34
Memory Utilized: 60.36 GB
Memory Efficiency: 125.76% of 48.00 GB (48.00 GB/node)
