=== PREFLIGHT CHECKS ===
  Date: Fri Mar  6 20:09:15 -03 2026
  Node: ivb20.ivb.ccad.unc.edu.ar
  GPU: NVIDIA A30
  CUDA_VISIBLE_DEVICES: 0
  Total RAM: 62G
  [MEM 20:09:16] RSS=3704kB | free=61G
  MAESTRO_SRC... OK
  Transkun pickles (precomputed)... OK (154M)
  Python scripts... OK
  Python imports... torch=2.5.1+cu121, CUDA=True, transkun=OK
  Transkun pretrained weights... OK (56MB)
=== PREFLIGHT PASSED ===

Staging MAESTRO to scratch...
  [MEM 20:10:06] RSS=3704kB | free=60G
Staging complete in 1538 seconds.
  [MEM 20:35:44] RSS=3464kB | free=0G

=== BENCHMARK: 100 iters, noise@10dB, finetune-degraded ===
  Output: /scratch/1144627/preflight_T0jol0
  Start: Fri Mar  6 20:35:45 -03 2026
  [MEM 20:35:45] RSS=3464kB | free=0G

Gate 6 Exp B: Degraded Conditions
  Degradation: noise @ 10.0
  Config: finetune-degraded → finetune-noA4

Loading Transkun v2...
  New params: 66.3K

Creating degraded dataloaders...
loading the annotation file...
n: 962  totalDuration:  573277.4422506469  elapsed: 24.41529893875122
creating index for notes in all pieces...
elapsed: 2.5496582984924316
loading the annotation file...
n: 137  totalDuration:  69946.1832027205  elapsed: 1.1246118545532227
creating index for notes in all pieces...
elapsed: 0.2927219867706299
  Trainable params: 66.3K

  Training finetune-degraded for 100 iterations...

Job Metrics:
Job ID: 1144627
Cluster: ivb
User/Group: mfmendez/mfmendez
State: FAILED (exit code 1)
Nodes: 1
Cores per node: 10
CPU Utilized: 00:03:27
CPU Efficiency: 1.20% of 04:48:00 core-walltime
Job Wall-clock time: 00:28:48
Memory Utilized: 60.57 GB
Memory Efficiency: 126.18% of 48.00 GB (48.00 GB/node)
