=== Gate 5B Test 02: Parameter-Matched Ablation ===
Mode: zero (array task 3)
Job ID: 1143844_3
Node: ivb02.ivb.ccad.unc.edu.ar | GPU: 0
Start: Sat Feb 28 15:55:57 -03 2026
Attempt: 1 / 3
Copying MAESTRO to scratch (~120GB, ~22 min)...
MAESTRO copied. Sat Feb 28 19:25:24 -03 2026
Starting training: mode=zero, 30 epochs, batch=16, 1000 bat/ep
Structured eval epochs: 5 10 15 20 25 28 29 30
=== Training finished ===
Exit code: 0
End: Sun Mar  1 20:38:24 -03 2026
final_results.json found. Extracting S metric:
  Best S: 0.75 (epoch 28)
  Mode: zero
  Call counts: {'a4': 62149, 'd4': 62149}

Job Metrics:
Job ID: 1143844
Array Job ID: 1143844_3
Cluster: ivb
User/Group: mfmendez/mfmendez
State: COMPLETED (exit code 0)
Nodes: 1
Cores per node: 10
CPU Utilized: 00:04:39
CPU Efficiency: 0.03% of 11-23:06:40 core-walltime
Job Wall-clock time: 1-04:42:40
Memory Utilized: 59.95 GB
Memory Efficiency: 187.34% of 32.00 GB (32.00 GB/node)
