=== Gate 5B Test 02: Parameter-Matched Ablation ===
Mode: random (array task 1)
Job ID: 1143844_1
Node: ivb19.ivb.ccad.unc.edu.ar | GPU: 0
Start: Sat Feb 28 15:51:04 -03 2026
Attempt: 1 / 3
Copying MAESTRO to scratch (~120GB, ~22 min)...
MAESTRO copied. Sat Feb 28 16:31:14 -03 2026
Starting training: mode=random, 30 epochs, batch=16, 1000 bat/ep
Structured eval epochs: 5 10 15 20 25 28 29 30
=== Training finished ===
Exit code: 0
End: Sun Mar  1 17:56:24 -03 2026
final_results.json found. Extracting S metric:
  Best S: 0.736 (epoch 30)
  Mode: random
  Call counts: {'a4': 62149, 'd4': 62149}

Job Metrics:
Job ID: 1143904
Array Job ID: 1143844_1
Cluster: ivb
User/Group: mfmendez/mfmendez
State: COMPLETED (exit code 0)
Nodes: 1
Cores per node: 10
CPU Utilized: 00:03:05
CPU Efficiency: 0.02% of 10-20:56:40 core-walltime
Job Wall-clock time: 1-02:05:40
Memory Utilized: 60.36 GB
Memory Efficiency: 188.64% of 32.00 GB (32.00 GB/node)
