=== moe-dual scratch 30 epochs ===
Job ID: 1142665
Node: ivb20.ivb.ccad.unc.edu.ar | GPU: 0
Start: Wed Feb 18 03:36:52 -03 2026
Copiando MAESTRO a scratch (~120GB, esto tarda ~22 min)...
MAESTRO copiado. Wed Feb 18 03:54:14 -03 2026
Iniciando training: moe-dual scratch 30ep
=== Training finalizado ===
Exit code: 0
End: Thu Feb 19 06:46:12 -03 2026
final_results.json encontrado. Extrayendo S metric:
  Best S: N/A

Job Metrics:
Job ID: 1142665
Cluster: ivb
User/Group: mfmendez/mfmendez
State: COMPLETED (exit code 0)
Nodes: 1
Cores per node: 10
CPU Utilized: 00:02:58
CPU Efficiency: 0.02% of 11-07:36:20 core-walltime
Job Wall-clock time: 1-03:09:38
Memory Utilized: 41.16 GB
Memory Efficiency: 128.62% of 32.00 GB (32.00 GB/node)
