=== Gate 4.4-MoE Screening: moe-a4-v4 ===
Job ID: 1142620 | Array Task: 2
Node: ivb18.ivb.ccad.unc.edu.ar | GPU: 0
Start: Tue Feb 17 23:05:17 -03 2026
Copiando foundation a scratch...
Foundation copiado.
Copiando MAESTRO a scratch (~120GB, esto tarda ~22 min)...
MAESTRO copiado. Tue Feb 17 23:21:52 -03 2026
Iniciando training: moe-a4-v4
=== Training finalizado: moe-a4-v4 ===
Exit code: 0
End: Wed Feb 18 03:59:31 -03 2026
final_results.json encontrado. Extrayendo S metric:

Job Metrics:
Job ID: 1142620
Array Job ID: 1142620_2
Cluster: ivb
User/Group: mfmendez/mfmendez
State: COMPLETED (exit code 0)
Nodes: 1
Cores per node: 10
CPU Utilized: 00:04:09
CPU Efficiency: 0.14% of 2-01:05:40 core-walltime
Job Wall-clock time: 04:54:34
Memory Utilized: 46.69 GB
Memory Efficiency: 145.90% of 32.00 GB (32.00 GB/node)
